declare module 'Api' {
  export interface SimpleClass {
    serializedType: number;
  }
}

---
