declare module 'Api' {
  export interface TypeWithPrivateProperties {
    publicGuidProp: string;
  }
}
