declare module 'Api' {
  export interface TestTypeWithFieldsAndProps {
    stringProp: string;
  }
}
