declare module 'Api' {
  export interface TestTypeWithFields {
    stringField: string;
    intField: number;
  }
}
