declare module 'Api' {
  export interface TypeWithNullable {
    nullableInt: number | null;
    nullableGuid: string | null;
  }
}
