declare module 'Api' {
  export interface TypeWithPropThatInheritsFromIEnumerable {
    derivedFromList: number[];
  }
}
