declare module 'Api' {
  export interface TypeWithEnumerableProp {
    enumerableProp: number[];
  }
}
