declare module 'Api' {
  export interface TypeWithArrayProp {
    arrayProp: string[];
  }
}
