declare module 'Api' {
  export interface TypeWithCustomDictionaryProp {
    dictProp: { [key: string]: number };
  }
}

---
