declare module 'Api' {
  export interface TypeWithDictionaryProp {
    dictProp: { [key: string]: number };
  }
}
