declare module 'Api' {
  export interface TypeWithOpenGenericArguments<T> {
  }
}
